{
    "key": "products.index",
    "props": {
        "perPage": 15
    }
}